// Jest Snapshot v1, https://goo.gl/fbAQLP

exports[`should correctly render login page 1`] = `
<div
  className="box-layout"
>
  <div
    className="box-layout__box"
  >
    <h1
      className="box-layout__title"
    >
      <i
        class="fas fa-money-bill-alt"
      >
         
      </i>
       Boilerplate React App
    </h1>
    <p>
      Tag line for app.
    </p>
    <button
      className="button"
      onClick={[Function]}
    >
      <i
        className="fab fa-google"
      />
       Login with Google
    </button>
  </div>
</div>
`;
