// Jest Snapshot v1, https://goo.gl/fbAQLP

exports[`should render not found page correctly 1`] = `
<div>
  <h1>
    404! - 
    <Link
      to="/"
    >
      Go to Homepage
    </Link>
  </h1>
</div>
`;
